// Jest Snapshot v1, https://goo.gl/fbAQLP

exports[`FilterLink_Active matches snapshot when active 1`] = `"<a href="#" data-testid="FilterLink_Active" class="selected"> Active </a>"`;

exports[`FilterLink_Active matches snapshot when inactive 1`] = `"<a href="#" data-testid="FilterLink_Active" class=""> Active </a>"`;
